
[012] @NACHOS2D_ Seedance 2.5 2095178113537778133
  duration=30.14s size=12.6MB
  purity=纯净 ocr={'marked': 0, 'huge': False, 'edge': 0}

[013] @NACHOS2D_ Seedance 2.5 2094470837206163756
  duration=16.13s size=11.0MB
  purity=纯净 ocr={'marked': 0, 'huge': False, 'edge': 0}

[014] @NACHOS2D_ Seedance 2.5 2098113856245465474
  duration=30.11s size=2.7MB
  purity=不纯净 ocr={'marked': 1, 'huge': True, 'edge': 0}

[015] @NACHOS2D_ Seedance 2.5 2097656388918837390
  duration=30.14s size=2.3MB
  purity=纯净 ocr={'marked': 0, 'huge': False, 'edge': 1}

[016] @NACHOS2D_ Seedance 2.0 2072693285491982715
  duration=15.12s size=1.4MB
  purity=纯净 ocr={'marked': 0, 'huge': False, 'edge': 1}

[017] @TechieBySA Seedance 2.5 2099139883524616693
  duration=15.09s size=4.1MB
  purity=不纯净 ocr={'marked': 4, 'huge': False, 'edge': 4}

[018] @itsSaira_1 Seedance 2.5 2099006619988459985
  duration=15.39s size=4.2MB
  purity=纯净 ocr={'marked': 0, 'huge': False, 'edge': 0}

[019] @Timeless_aiart Seedance 2.5 2088546485982171432
  duration=26.71s size=28.1MB
  purity=纯净 ocr={'marked': 0, 'huge': False, 'edge': 0}

[020] @Hachibi_Kitsune Seedance 2.0 2074146352745849020
  duration=15.12s size=4.4MB
  purity=纯净 ocr={'marked': 0, 'huge': False, 'edge': 0}

[021] @ibexdream Seedance 2.0 2075192866553413944
  duration=18.58s size=14.5MB
  purity=纯净 ocr={'marked': 0, 'huge': False, 'edge': 0}

[022] @leo_xiaolei Seedance 2.0 2079914885488533995
  duration=15.12s size=8.1MB
  purity=纯净 ocr={'marked': 0, 'huge': False, 'edge': 0}

[023] @john_my07 Seedance 2.0 2071977017474789557
  duration=15.12s size=9.0MB
  purity=纯净 ocr={'marked': 0, 'huge': False, 'edge': 0}

[024] @heavypulp Seedance 2.5 2096056914031354275
  duration=24.85s size=46.4MB
  purity=纯净 ocr={'marked': 0, 'huge': False, 'edge': 0}

[025] @heavypulp Seedance 2.5 2095672281003409696
  duration=22.93s size=58.9MB
  purity=纯净 ocr={'marked': 0, 'huge': False, 'edge': 0}

[026] @heavypulp Seedance 2.5 2095491510397464627
  duration=25.30s size=73.5MB
  purity=纯净 ocr={'marked': 0, 'huge': False, 'edge': 0}

[027] @heavypulp Seedance 2.5 2095489246408605743
  duration=17.00s size=36.1MB
  purity=纯净 ocr={'marked': 0, 'huge': False, 'edge': 0}

[028] @Kling_ai Kling 3.0 2090770894000144430
  duration=8.61s size=10.3MB
  purity=纯净 ocr={'marked': 0, 'huge': False, 'edge': 0}

[029] @Kling_ai Kling 3.0 2092628133274882286
  duration=19.55s size=27.3MB
  purity=不纯净 ocr={'marked': 3, 'huge': False, 'edge': 7}

[030] @Kling_ai Kling 3.0 2092990532809036151
  duration=19.06s size=43.6MB
  purity=纯净 ocr={'marked': 0, 'huge': False, 'edge': 0}

[031] @Kling_ai Kling 3.0 2098379694240338135
  duration=13.05s size=7.9MB
  purity=不纯净 ocr={'marked': 4, 'huge': True, 'edge': 0}

[032] @Kling_ai Kling 3.0 2097714004223209608
  duration=17.18s size=19.3MB
  purity=不纯净 ocr={'marked': 4, 'huge': True, 'edge': 0}

[033] @Kling_ai Kling 3.0 2090408971744018837
  duration=15.39s size=6.4MB
  purity=不纯净 ocr={'marked': 3, 'huge': True, 'edge': 0}

[034] @Kling_ai Kling 3.0 2089366652198727984
  duration=19.97s size=4.3MB
  purity=不纯净 ocr={'marked': 4, 'huge': True, 'edge': 8}

[035] @Kling_ai Kling 3.0 2087554708101570682
  duration=15.79s size=6.7MB
  purity=不纯净 ocr={'marked': 3, 'huge': True, 'edge': 0}

[036] @Kling_ai Kling 3.0 2086105153409626451
  duration=30.26s size=20.1MB
  purity=纯净 ocr={'marked': 0, 'huge': False, 'edge': 0}

[037] @Kling_ai Kling 3.0 2085017997588959636
  duration=12.61s size=25.1MB
  purity=纯净 ocr={'marked': 0, 'huge': False, 'edge': 0}

[038] @Kling_ai Kling 3.0 2084610301606170764
  duration=15.12s size=6.1MB
  purity=纯净 ocr={'marked': 0, 'huge': False, 'edge': 0}

[039] @Kling_ai Kling 3.0 2083219862172877285
  duration=30.26s size=38.9MB
  purity=纯净 ocr={'marked': 0, 'huge': False, 'edge': 0}

[040] @ojiji2025 Kling 3.0 2094398007622128080
  duration=15.09s size=10.0MB
  purity=纯净 ocr={'marked': 0, 'huge': False, 'edge': 0}

[041] @hungrydonkey Kling 3.0 2091793465742934350
  duration=12.17s size=3.4MB
  purity=不纯净 ocr={'marked': 2, 'huge': True, 'edge': 2}

[042] @Sheldon056 Kling 3.0 2076523566334669214
  duration=25.83s size=2.1MB
  purity=纯净 ocr={'marked': 0, 'huge': False, 'edge': 0}

[043] @kaolti Kling O1 2084650873880219929
  duration=25.55s size=50.6MB
  purity=不纯净 ocr={'marked': 4, 'huge': False, 'edge': 0}

[044] @8co28 MiniMax H3 2087809878450704709
  duration=15.15s size=9.4MB
  purity=不纯净 ocr={'marked': 4, 'huge': True, 'edge': 0}

[045] @Sabitamago Hailuo AI 2073580119000768531
  duration=22.46s size=4.3MB
  purity=纯净 ocr={'marked': 0, 'huge': False, 'edge': 0}

[046] @EHuanglu MiniMax H3 2094477928407224538
  duration=31.70s size=21.1MB
  purity=纯净 ocr={'marked': 0, 'huge': False, 'edge': 0}

[047] @heavypulp Grok Imagine 2080007437470302237
  duration=10.13s size=1.2MB
  purity=纯净 ocr={'marked': 0, 'huge': False, 'edge': 0}

[048] @dvorahfr Grok Imagine 2074973423864824192
  duration=10.04s size=0.6MB
  purity=纯净 ocr={'marked': 0, 'huge': False, 'edge': 0}

[049] @mm551234 Grok Imagine 2098628296380658028
  duration=15.09s size=3.7MB
  purity=边缘疑似水印 ocr={'marked': 1, 'huge': False, 'edge': 4}

[050] @KeorUnreal Grok Imagine 2098152327605538994
  duration=10.13s size=9.9MB
  purity=不纯净 ocr={'marked': 1, 'huge': True, 'edge': 1}

[051] @dvorahfr Grok Imagine 2095608591940251677
  duration=21.06s size=9.6MB
  purity=纯净 ocr={'marked': 0, 'huge': False, 'edge': 0}

[052] @dvorahfr Grok Imagine 2088736437654949998
  duration=21.06s size=10.5MB
  purity=不纯净 ocr={'marked': 3, 'huge': True, 'edge': 0}

[053] @dvorahfr Grok Imagine 2088625003210407997
  duration=15.12s size=20.8MB
  purity=纯净 ocr={'marked': 0, 'huge': False, 'edge': 0}

[054] @ojiji2025 Grok Imagine 2095279350128259364
  duration=15.10s size=18.3MB
  purity=纯净 ocr={'marked': 0, 'huge': False, 'edge': 0}

[055] @notoro_ai Grok Imagine 2095257475037745493
  duration=10.09s size=5.0MB
  purity=纯净 ocr={'marked': 0, 'huge': False, 'edge': 0}

[056] @grok Grok Imagine 2089443401695470006
  duration=31.59s size=60.4MB
  purity=不纯净 ocr={'marked': 1, 'huge': True, 'edge': 0}

[057] @grok Grok Imagine 2096298105213952178
  duration=11.18s size=30.7MB
  purity=纯净 ocr={'marked': 0, 'huge': False, 'edge': 0}

[058] @HappyHorseATH Happy Horse 1.0 2097287001267679266
  duration=30.23s size=20.6MB
  purity=纯净 ocr={'marked': 0, 'huge': False, 'edge': 0}

[059] @HappyHorseATH Happy Horse 1.0 2096914861813055625
  duration=17.53s size=7.1MB
  purity=不纯净 ocr={'marked': 1, 'huge': True, 'edge': 0}

[060] @HappyHorseATH Happy Horse 1.0 2095486280843018393
  duration=16.76s size=10.6MB
  purity=纯净 ocr={'marked': 0, 'huge': False, 'edge': 0}

[061] @HappyHorseATH Happy Horse 1.0 2097974979610685710
  duration=29.93s size=16.9MB
  purity=纯净 ocr={'marked': 0, 'huge': False, 'edge': 0}

[062] @HappyHorseATH Happy Horse 1.0 2095106011539644772
  duration=18.83s size=6.4MB
  purity=不纯净 ocr={'marked': 1, 'huge': True, 'edge': 0}

[063] @Diana_Osire Happy Horse 1.0 2069713388503212129
  duration=15.27s size=3.5MB
  purity=纯净 ocr={'marked': 0, 'huge': False, 'edge': 0}

[064] @AIwithJessica Happy Horse 1.0 2079355561599226113
  duration=15.12s size=3.9MB
  purity=纯净 ocr={'marked': 0, 'huge': False, 'edge': 0}

[065] @Just_sharon7 Happy Horse 1.0 2069800001530888613
  duration=15.12s size=9.0MB
  purity=纯净 ocr={'marked': 0, 'huge': False, 'edge': 0}

[066] @keshiAIart Vidu Q3 2080776412429246758
  duration=10.12s size=14.7MB
  purity=边缘疑似水印 ocr={'marked': 0, 'huge': False, 'edge': 4}

[067] @keshiAIart Vidu Q3 2073528528956686685
  duration=10.12s size=9.2MB
  purity=边缘疑似水印 ocr={'marked': 0, 'huge': False, 'edge': 2}

[068] @keshiAIart Vidu Q3 2069255498231377927
  duration=10.12s size=8.1MB
  purity=纯净 ocr={'marked': 0, 'huge': False, 'edge': 0}

[069] @keshiAIart Vidu Q3 2079319059158741173
  duration=10.12s size=11.8MB
  purity=边缘疑似水印 ocr={'marked': 0, 'huge': False, 'edge': 3}

[070] @keshiAIart Vidu Q3 2080406474334032074
  duration=10.12s size=14.5MB
  purity=纯净 ocr={'marked': 0, 'huge': False, 'edge': 0}

[071] @keshiAIart Vidu Q3 2072796329420734746
  duration=10.12s size=12.2MB
  purity=纯净 ocr={'marked': 0, 'huge': False, 'edge': 0}

[072] @keshiAIart Vidu Q3 2071346777635336700
  duration=10.12s size=11.6MB
  purity=边缘疑似水印 ocr={'marked': 0, 'huge': False, 'edge': 3}

[073] @keshiAIart Vidu Q3 2080043960601649251
  duration=10.12s size=12.3MB
  purity=纯净 ocr={'marked': 0, 'huge': False, 'edge': 0}

[074] @keshiAIart Vidu Q3 2067359882051989767
  duration=10.12s size=13.4MB
  purity=纯净 ocr={'marked': 0, 'huge': False, 'edge': 0}

[075] @NACHOS2D_ Seedance 2.5 2093700934333329587
  duration=13.12s size=5.8MB
  purity=纯净 ocr={'marked': 0, 'huge': False, 'edge': 0}

[076] @NACHOS2D_ Seedance 2.5 2093293746943144067
  duration=30.14s size=2.1MB
  purity=不纯净 ocr={'marked': 3, 'huge': False, 'edge': 3}

[077] @NACHOS2D_ Seedance 2.5 2093011893472329971
  duration=30.11s size=1.7MB
  purity=不纯净 ocr={'marked': 3, 'huge': False, 'edge': 3}

[078] @NACHOS2D_ Seedance 2.5 2092281920704901537
  duration=30.14s size=2.6MB
  purity=不纯净 ocr={'marked': 3, 'huge': False, 'edge': 3}

[079] @NACHOS2D_ Seedance 2.5 2092215356290932871
  duration=30.14s size=1.9MB
  purity=不纯净 ocr={'marked': 3, 'huge': False, 'edge': 3}

[080] @NACHOS2D_ Seedance 2.5 2091657670881149144
  duration=30.14s size=1.6MB
  purity=不纯净 ocr={'marked': 2, 'huge': False, 'edge': 2}

[081] @Sabitamago Wan 3.0 2098947269579927739
  duration=30.72s size=29.6MB
  purity=纯净 ocr={'marked': 0, 'huge': False, 'edge': 0}

[082] @Sabitamago Seedance 2.5 2091347530722512984
  duration=21.01s size=6.0MB
  purity=纯净 ocr={'marked': 0, 'huge': False, 'edge': 0}

[083] @Sabitamago Seedance 2.0 2075755638458859960
  duration=12.48s size=3.3MB
  purity=纯净 ocr={'marked': 0, 'huge': False, 'edge': 0}

[084] @Kling_ai Kling 3.0 2082799964741312788
  duration=21.29s size=15.9MB
  purity=纯净 ocr={'marked': 0, 'huge': False, 'edge': 0}

[085] @Kling_ai Kling 3.0 2081024688319512697
  duration=14.09s size=6.2MB
  purity=纯净 ocr={'marked': 0, 'huge': False, 'edge': 0}

[086] @Kling_ai Kling 3.0 2080669333253173732
  duration=19.48s size=8.4MB
  purity=纯净 ocr={'marked': 0, 'huge': False, 'edge': 0}

[087] @Yokohara_h MiniMax H3 2091925643802161314
  duration=25.88s size=6.5MB
  purity=纯净 ocr={'marked': 0, 'huge': False, 'edge': 0}

[088] @CharaspowerAI MiniMax H3 2091223949099368797
  duration=15.17s size=1.9MB
  purity=纯净 ocr={'marked': 0, 'huge': False, 'edge': 0}

[089] @Jessewelle MiniMax H3 2091080976004989048
  duration=15.17s size=1.7MB
  purity=纯净 ocr={'marked': 0, 'huge': False, 'edge': 0}

[090] @Jessewelle MiniMax H3 2090679733805809696
  duration=15.17s size=1.6MB
  purity=纯净 ocr={'marked': 0, 'huge': False, 'edge': 0}

[091] @MayorKingAI MiniMax H3 2090504332420829242
  duration=15.17s size=3.0MB
  purity=纯净 ocr={'marked': 0, 'huge': False, 'edge': 0}

[092] @Jessewelle MiniMax H3 2090230978547703913
  duration=15.17s size=2.0MB
  purity=不纯净 ocr={'marked': 1, 'huge': True, 'edge': 0}

[093] @dvorahfr Grok Imagine 2074268724266246550
  duration=20.86s size=3.2MB
  purity=纯净 ocr={'marked': 0, 'huge': False, 'edge': 0}

[094] @BillyBalls25138 Grok Imagine 2070754012253581720
  duration=10.09s size=3.9MB
  purity=纯净 ocr={'marked': 0, 'huge': False, 'edge': 0}

[095] @yumesyokunin Grok Imagine 2070499075569697171
  duration=10.09s size=14.2MB
  purity=纯净 ocr={'marked': 0, 'huge': False, 'edge': 0}

[096] @keshiAIart Vidu Q3 2098895679896821788
  duration=10.12s size=10.0MB
  purity=边缘疑似水印 ocr={'marked': 0, 'huge': False, 'edge': 2}

[097] @keshiAIart Vidu Q3 2098533291817410872
  duration=10.12s size=6.9MB
  purity=边缘疑似水印 ocr={'marked': 0, 'huge': False, 'edge': 3}

[098] @Kling_ai Kling 3.0 2077770231129235615
  duration=20.76s size=11.0MB
  purity=纯净 ocr={'marked': 0, 'huge': False, 'edge': 0}

[099] @higgsfield_ai Seedance 2.5 2095622423324590308
  duration=29.97s size=13.1MB
  purity=不纯净 ocr={'marked': 4, 'huge': False, 'edge': 4}

[100] @TechieBySA Seedance 2.5 2095565165202690407
  duration=15.14s size=5.1MB
  purity=不纯净 ocr={'marked': 4, 'huge': True, 'edge': 4}

[101] @techhalla Seedance 2.5 2093364330985136572
  duration=30.10s size=9.7MB
  purity=不纯净 ocr={'marked': 2, 'huge': False, 'edge': 2}

[102] @Sheldon056 Seedance 2.5 2091396663718117706
  duration=27.14s size=3.7MB
  purity=纯净 ocr={'marked': 0, 'huge': False, 'edge': 0}

[103] @dvorahfr Grok Imagine 2079411063603245287
  duration=15.19s size=12.5MB
  purity=纯净 ocr={'marked': 0, 'huge': False, 'edge': 0}

[104] @krea_ai MiniMax H3 2083014535481598410
  duration=19.65s size=34.6MB
  purity=不纯净 ocr={'marked': 2, 'huge': True, 'edge': 0}

DONE new_ok=67 reject=26 fail=0 total_done_ids=104

[066] @heavypulp Grok Imagine 2080007437470302237-b
  duration=10.13s size=1.8MB
  purity=纯净 ocr={'marked': 0, 'huge': False, 'edge': 0}

[067] @heavypulp Grok Imagine 2080007437470302237-c
  duration=10.13s size=1.3MB
  purity=纯净 ocr={'marked': 0, 'huge': False, 'edge': 0}

[068] @heavypulp Grok Imagine 2080007437470302237-d
  duration=10.13s size=1.0MB
  purity=纯净 ocr={'marked': 0, 'huge': False, 'edge': 0}

[069] @heavypulp Grok Imagine 2075370741378273434
  duration=24.26s size=26.8MB
  purity=不纯净 ocr={'marked': 2, 'huge': True, 'edge': 0}

[070] @NACHOS2D_ Seedance 2.5 2089725419830366360
  duration=30.14s size=2.4MB
  purity=边缘疑似水印 ocr={'marked': 1, 'huge': False, 'edge': 1}

[071] @NACHOS2D_ Seedance 2.5 2089481794944987566
  duration=30.14s size=2.0MB
  purity=不纯净 ocr={'marked': 2, 'huge': False, 'edge': 2}

[072] @NACHOS2D_ Seedance 2.5 2089465452397281464
  duration=30.14s size=2.2MB
  purity=不纯净 ocr={'marked': 3, 'huge': False, 'edge': 3}

[073] @NACHOS2D_ Seedance 2.5 2089378604996042868
  duration=30.14s size=1.8MB
  purity=不纯净 ocr={'marked': 2, 'huge': False, 'edge': 2}

[074] @NACHOS2D_ Seedance 2.5 2089033126953558018
  duration=30.14s size=2.1MB
  purity=不纯净 ocr={'marked': 2, 'huge': False, 'edge': 2}

[075] @NACHOS2D_ Seedance 2.5 2088987488832335979
  duration=30.14s size=2.1MB
  purity=不纯净 ocr={'marked': 2, 'huge': False, 'edge': 2}

[076] @NACHOS2D_ Seedance 2.5 2088758106482209267
  duration=30.14s size=2.4MB
  purity=不纯净 ocr={'marked': 2, 'huge': False, 'edge': 2}

[077] @NACHOS2D_ Seedance 2.5 2088353919017574690
  duration=30.14s size=2.3MB
  purity=不纯净 ocr={'marked': 3, 'huge': False, 'edge': 3}

[078] @NACHOS2D_ Seedance 2.5 2087888167865131131
  duration=30.14s size=1.9MB
  purity=纯净 ocr={'marked': 0, 'huge': False, 'edge': 0}

[079] @NACHOS2D_ Seedance 2.5 2087649833939063086
  duration=30.14s size=1.3MB
  purity=边缘疑似水印 ocr={'marked': 1, 'huge': False, 'edge': 0}

[080] @Sabitamago Seedance 2.5 2088243193976705325
  duration=30.06s size=8.3MB
  purity=不纯净 ocr={'marked': 4, 'huge': False, 'edge': 8}

[081] @Sabitamago Seedance 2.5 2086980920343761232
  duration=30.46s size=6.3MB
  purity=纯净 ocr={'marked': 0, 'huge': False, 'edge': 0}

[082] @Sabitamago MiniMax H3 2082678775217815997
  duration=15.17s size=6.7MB
  purity=纯净 ocr={'marked': 0, 'huge': False, 'edge': 0}

[083] @keshiAIart Vidu Q3 2092365274049851720
  duration=10.12s size=11.9MB
  purity=边缘疑似水印 ocr={'marked': 0, 'huge': False, 'edge': 2}

[084] @keshiAIart Vidu Q3 2094539475347288152
  duration=10.12s size=7.9MB
  purity=边缘疑似水印 ocr={'marked': 0, 'huge': False, 'edge': 4}

[085] @keshiAIart Vidu Q3 2081856025863328154
  duration=10.12s size=12.0MB
  purity=不纯净 ocr={'marked': 2, 'huge': False, 'edge': 1}

[086] @keshiAIart Vidu Q3 2082943063631303018
  duration=10.12s size=14.8MB
  purity=纯净 ocr={'marked': 0, 'huge': False, 'edge': 0}

[087] @keshiAIart Vidu Q3 2083313127354155337
  duration=10.12s size=12.5MB
  purity=边缘疑似水印 ocr={'marked': 0, 'huge': False, 'edge': 4}

[088] @keshiAIart Vidu Q3 2082580675656597595
  duration=10.12s size=10.6MB
  purity=纯净 ocr={'marked': 0, 'huge': False, 'edge': 0}

[089] @dvorahfr Grok Imagine 2091190408298602986
  duration=30.21s size=61.8MB
  purity=不纯净 ocr={'marked': 1, 'huge': True, 'edge': 1}

[090] @dvorahfr Grok Imagine 2087851396716511327

[079] @dvorahfr Grok Imagine 2087851396716511327
  duration=15.10s size=16.3MB
  purity=纯净 ocr={'marked': 0, 'huge': False, 'edge': 0}

[080] @dvorahfr Grok Imagine 2085933770105090138
  duration=25.80s size=29.6MB
  purity=纯净 ocr={'marked': 0, 'huge': False, 'edge': 0}

[081] @dvorahfr Grok Imagine 2084569233598337386
  duration=27.05s size=5.3MB
  purity=纯净 ocr={'marked': 0, 'huge': False, 'edge': 0}

[082] @testerlabor Grok Imagine 2084629270714806587
  duration=15.10s size=10.6MB
  purity=纯净 ocr={'marked': 0, 'huge': False, 'edge': 0}

[083] @paranoidream Grok Imagine 2079799074325422343
  duration=10.13s size=6.2MB
  purity=纯净 ocr={'marked': 0, 'huge': False, 'edge': 0}

[084] @TechieBySA Seedance 2.0 2079162249231409246
  duration=15.12s size=12.6MB
  purity=纯净 ocr={'marked': 0, 'huge': False, 'edge': 0}

[085] @ComfyUI MiniMax H3 2097717009551376824
  duration=12.05s size=3.8MB
  purity=纯净 ocr={'marked': 0, 'huge': False, 'edge': 0}

[086] @techhalla Seedance 2.5 2099144888033898752
  duration=26.84s size=23.7MB
  purity=纯净 ocr={'marked': 0, 'huge': False, 'edge': 0}

[087] @NACHOS2D_ Seedance 2.5 2087270824633848280
  duration=30.14s size=2.1MB
  purity=不纯净 ocr={'marked': 2, 'huge': False, 'edge': 2}

[088] @NACHOS2D_ Seedance 2.5 2087215129288941765
  duration=30.14s size=2.2MB
  purity=不纯净 ocr={'marked': 2, 'huge': False, 'edge': 2}

[089] @NACHOS2D_ Seedance 2.5 2086823726755000727
  duration=30.14s size=2.2MB
  purity=纯净 ocr={'marked': 0, 'huge': False, 'edge': 0}

[090] @NACHOS2D_ Seedance 2.5 2086789700816105924
  duration=15.14s size=1.3MB
  purity=边缘疑似水印 ocr={'marked': 1, 'huge': False, 'edge': 1}

[091] @NACHOS2D_ Seedance 2.5 2086510588381794503
  duration=30.14s size=1.9MB
  purity=边缘疑似水印 ocr={'marked': 1, 'huge': False, 'edge': 1}

[092] @NACHOS2D_ Seedance 2.5 2086075506953216210
  duration=30.14s size=2.1MB
  purity=纯净 ocr={'marked': 0, 'huge': False, 'edge': 0}

[093] @NACHOS2D_ Seedance 2.5 2086277944339509721
  duration=30.14s size=1.9MB
  purity=纯净 ocr={'marked': 0, 'huge': False, 'edge': 0}

[094] @imagine Grok Imagine 2097412354090942883
  duration=33.77s size=14.3MB
  purity=边缘疑似水印 ocr={'marked': 1, 'huge': False, 'edge': 0}

[095] @NACHOS2D_ Seedance 2.5 2085412609596027093
  duration=30.14s size=2.9MB
  purity=纯净 ocr={'marked': 0, 'huge': False, 'edge': 0}

[096] @NACHOS2D_ Seedance 2.0 2074854541535719457
  duration=15.12s size=1.5MB
  purity=边缘疑似水印 ocr={'marked': 1, 'huge': False, 'edge': 1}

[097] @NACHOS2D_ Seedance 2.0 2070552410498424846
  duration=15.14s size=1.7MB
  purity=不纯净 ocr={'marked': 2, 'huge': True, 'edge': 0}

[098] @NACHOS2D_ Seedance 2.0 2066986225148297535
  duration=15.12s size=1.9MB
  purity=纯净 ocr={'marked': 0, 'huge': False, 'edge': 0}

[099] @NACHOS2D_ Seedance 2.0 2069763779127099853
  duration=15.12s size=1.4MB
  purity=纯净 ocr={'marked': 0, 'huge': False, 'edge': 0}

[100] @NACHOS2D_ Seedance 2.0 2082172463689920953
  duration=15.14s size=2.7MB
  purity=纯净 ocr={'marked': 0, 'huge': False, 'edge': 0}

[101] @NACHOS2D_ Seedance 2.0 2077106342678921306
  duration=15.12s size=1.7MB
  purity=纯净 ocr={'marked': 0, 'huge': False, 'edge': 0}

[102] @NACHOS2D_ Seedance 2.0 2077045391556595935
  duration=15.12s size=1.1MB
  purity=纯净 ocr={'marked': 0, 'huge': False, 'edge': 0}

[103] @NACHOS2D_ Seedance 2.0 2071599716358377755
  duration=15.12s size=2.2MB
  purity=纯净 ocr={'marked': 0, 'huge': False, 'edge': 0}

[104] @NACHOS2D_ Seedance 2.0 2073415912686850206
  duration=15.12s size=1.7MB
  purity=纯净 ocr={'marked': 0, 'huge': False, 'edge': 0}

[105] @Goodmanprotocol Seedance 2.5 2099186117769822462
  duration=30.14s size=15.7MB

[102] @Goodmanprotocol Seedance 2.5 2099186117769822462
  duration=30.14s size=15.7MB
  purity=纯净 ocr={'marked': 0, 'huge': False, 'edge': 0}

[103] @Timeless_aiart Seedance 2.5 2089362073021300852
  duration=15.10s size=16.6MB
  purity=纯净 ocr={'marked': 0, 'huge': False, 'edge': 0}

[104] @Timeless_aiart Seedance 2.5 2087104545768018055
  duration=15.10s size=28.6MB
  purity=纯净 ocr={'marked': 0, 'huge': False, 'edge': 0}

[105] @john_my07 Seedance 2.5 2096951855272300753
  duration=30.11s size=4.5MB
  purity=边缘疑似水印 ocr={'marked': 1, 'huge': False, 'edge': 1}

DONE new_ok=4 reject=0 fail=0 total_done_ids=105

[082] @elonmusk Grok Imagine 2083706250370449572
  duration=12.05s size=9.7MB
  purity=纯净 ocr={'marked': 0, 'huge': False, 'edge': 0}

[083] @elonmusk Grok Imagine 2083031362756313410
  duration=10.13s size=5.2MB
  purity=纯净 ocr={'marked': 0, 'huge': False, 'edge': 0}

[084] @elonmusk Grok Imagine 2082656239780266487
  duration=15.10s size=5.5MB
  purity=纯净 ocr={'marked': 0, 'huge': False, 'edge': 0}

[085] @elonmusk Grok Imagine 2075750805580214477
  duration=20.13s size=40.1MB
  purity=纯净 ocr={'marked': 0, 'huge': False, 'edge': 0}

[086] @elonmusk Grok Imagine 2075482008440930315

[086] @elonmusk Grok Imagine 2075482008440930315
  curl fail: [Errno 2] No such file or directory: '/workspace/ai-videos-2026-09-14/_raw/086_Grok-Imagine_@elonmusk_930315_src.mp4.part' -> '/workspace/ai-videos-2026-09-14/_raw/086_Grok-Imagine_@elonmusk_930315_src.mp4'
  duration=16.09s size=6.9MB
  duration=16.09s size=1.6MB
  purity=纯净 ocr={'marked': 0, 'huge': False, 'edge': 0}

[087] @elonmusk Grok Imagine 2067291949317673361
  purity=纯净 ocr={'marked': 0, 'huge': False, 'edge': 0}

[087] @elonmusk Grok Imagine 2067291949317673361
  curl fail: [Errno 2] No such file or directory: '/workspace/ai-videos-2026-09-14/_raw/087_Grok-Imagine_@elonmusk_673361_src.mp4.part' -> '/workspace/ai-videos-2026-09-14/_raw/087_Grok-Imagine_@elonmusk_673361_src.mp4'
  duration=10.11s size=1.7MB
  duration=10.11s size=1.7MB
  purity=纯净 ocr={'marked': 0, 'huge': False, 'edge': 0}

[088] @elonmusk Grok Imagine 2066887006068834541
  duration=10.13s size=8.7MB
  purity=纯净 ocr={'marked': 0, 'huge': False, 'edge': 0}

[088] @elonmusk Grok Imagine 2066887006068834541
  duration=10.13s size=8.7MB
  purity=纯净 ocr={'marked': 0, 'huge': False, 'edge': 0}

[089] @dvorahfr Grok Imagine 2056246389223350369
  duration=30.08s size=5.6MB
  purity=纯净 ocr={'marked': 0, 'huge': False, 'edge': 0}

[089] @dvorahfr Grok Imagine 2056246389223350369
  duration=30.08s size=5.6MB
  purity=纯净 ocr={'marked': 0, 'huge': False, 'edge': 0}

[090] @dvorahfr Grok Imagine 2044351548822622388
  purity=纯净 ocr={'marked': 0, 'huge': False, 'edge': 0}

[090] @dvorahfr Grok Imagine 2044351548822622388
  duration=22.62s size=28.2MB
  duration=22.62s size=28.2MB
  purity=纯净 ocr={'marked': 0, 'huge': False, 'edge': 0}

[091] @dvorahfr Grok Imagine 2041214713506267623
  duration=20.00s size=4.4MB
  purity=纯净 ocr={'marked': 0, 'huge': False, 'edge': 0}

[091] @dvorahfr Grok Imagine 2041214713506267623
  EXC [Errno 2] No such file or directory: '/workspace/ai-videos-2026-09-14/_raw/091_Grok-Imagine_@dvorahfr_267623_src.mp4'

[092] @dvorahfr Grok Imagine 2040919651408826713
  purity=纯净 ocr={'marked': 0, 'huge': False, 'edge': 0}

[092] @dvorahfr Grok Imagine 2040919651408826713
  curl fail: [Errno 2] No such file or directory: '/workspace/ai-videos-2026-09-14/_raw/092_Grok-Imagine_@dvorahfr_826713_src.mp4.part' -> '/workspace/ai-videos-2026-09-14/_raw/092_Grok-Imagine_@dvorahfr_826713_src.mp4'
  duration=10.13s size=1.7MB
  purity=纯净 ocr={'marked': 0, 'huge': False, 'edge': 0}

[093] @dvorahfr Grok Imagine 2040667311309275223
  duration=20.10s size=2.3MB
  purity=纯净 ocr={'marked': 0, 'huge': False, 'edge': 0}

[094] @dvorahfr Grok Imagine 2040249746476970207

[094] @dvorahfr Grok Imagine 2040249746476970207
  duration=20.13s size=17.0MB
  purity=纯净 ocr={'marked': 0, 'huge': False, 'edge': 0}

[095] @gizakdag Seedance 2.0 2043312274262131001
  duration=15.09s size=4.7MB
  purity=纯净 ocr={'marked': 0, 'huge': False, 'edge': 0}

[096] @gizakdag Seedance 2.0 2039700466800415005
  duration=10.10s size=2.9MB
  purity=纯净 ocr={'marked': 0, 'huge': False, 'edge': 0}

[097] @Kling_ai Kling 3.0 2065811435892924604
  duration=19.78s size=2.4MB
  purity=纯净 ocr={'marked': 0, 'huge': False, 'edge': 0}

[098] @Kling_ai Kling 3.0 2065479246479290412
  duration=21.01s size=16.4MB
  purity=不纯净 ocr={'marked': 3, 'huge': True, 'edge': 0}

[099] @Kling_ai Kling 3.0 2064739371710849130
  duration=34.90s size=13.8MB
  purity=纯净 ocr={'marked': 0, 'huge': False, 'edge': 0}

[100] @Kling_ai Kling 3.0 2054939794682400779
  duration=14.02s size=26.5MB
  purity=不纯净 ocr={'marked': 1, 'huge': True, 'edge': 4}

[101] @EHuanglu Seedance 2.5 2098411370815643837
  duration=30.12s size=3.8MB
  purity=纯净 ocr={'marked': 0, 'huge': False, 'edge': 0}

[102] @john_my07 Seedance 2.0 2035169329487257901
  duration=15.23s size=3.6MB
  purity=不纯净 ocr={'marked': 2, 'huge': False, 'edge': 4}

[103] @john_my07 Seedance 2.0 2034419049468403912
  duration=15.33s size=3.2MB
  purity=不纯净 ocr={'marked': 4, 'huge': False, 'edge': 4}

[104] @NACHOS2D_ Seedance 2.0 2067593519556878592
  duration=30.19s size=25.7MB
  purity=纯净 ocr={'marked': 0, 'huge': False, 'edge': 0}

[105] @NACHOS2D_ Seedance 2.0 2067362090872902052
  duration=15.14s size=1.8MB
  purity=纯净 ocr={'marked': 0, 'huge': False, 'edge': 0}

[106] @NACHOS2D_ Seedance 2.0 2067243931348197858
  duration=15.14s size=1.8MB
  purity=纯净 ocr={'marked': 0, 'huge': False, 'edge': 0}

[107] @NACHOS2D_ Seedance 2.0 2066554811265216553
  duration=15.12s size=2.6MB
  purity=纯净 ocr={'marked': 0, 'huge': False, 'edge': 0}

[108] @Sabitamago Seedance 2.0 2060534156808106401
  duration=19.14s size=5.2MB
  purity=纯净 ocr={'marked': 0, 'huge': False, 'edge': 0}

[109] @Sabitamago Seedance 2.0 2056562990028087478
  duration=20.05s size=5.4MB
  purity=纯净 ocr={'marked': 0, 'huge': False, 'edge': 0}

[110] @Sabitamago Seedance 2.0 2052576723078701302
  duration=15.72s size=3.7MB
  purity=纯净 ocr={'marked': 0, 'huge': False, 'edge': 0}

[111] @Sabitamago Seedance 2.0 2051549854120436096
  duration=23.38s size=6.2MB
  purity=纯净 ocr={'marked': 0, 'huge': False, 'edge': 0}

[112] @Sabitamago Seedance 2.0 2039142057248452827
  duration=10.10s size=0.9MB
  purity=纯净 ocr={'marked': 0, 'huge': False, 'edge': 0}

[113] @CharaspowerAI Seedance 2.5 2098426582322856234
  duration=30.11s size=7.2MB
  purity=纯净 ocr={'marked': 0, 'huge': False, 'edge': 0}

[114] @CharaspowerAI MiniMax H3 2090091561506009588
  duration=15.17s size=2.6MB
  purity=纯净 ocr={'marked': 0, 'huge': False, 'edge': 0}

[115] @CharaspowerAI Seedance 2.0 2039704453784191201
  duration=11.10s size=2.2MB
  purity=纯净 ocr={'marked': 0, 'huge': False, 'edge': 0}

[116] @munou_ac MiniMax H3 2097558075230265654
  duration=10.21s size=11.5MB
  purity=纯净 ocr={'marked': 0, 'huge': False, 'edge': 0}

[117] @testerlabor Grok Imagine 2085085107635855851
  duration=10.13s size=3.8MB
  purity=纯净 ocr={'marked': 0, 'huge': False, 'edge': 0}

[118] @testerlabor Grok Imagine 2056102418119536667
  duration=10.09s size=8.2MB
  purity=不纯净 ocr={'marked': 2, 'huge': False, 'edge': 0}

[119] @paranoidream Grok Imagine 2034514348237021219
  duration=10.10s size=7.7MB
  purity=纯净 ocr={'marked': 0, 'huge': False, 'edge': 0}

[120] @art_muse Grok Imagine 2040317324822253842
  duration=10.13s size=7.3MB
  purity=纯净 ocr={'marked': 0, 'huge': False, 'edge': 0}

[121] @art_muse Grok Imagine 2039976551123697941
  duration=10.13s size=5.0MB
  purity=纯净 ocr={'marked': 0, 'huge': False, 'edge': 0}

[122] @art_muse Grok Imagine 2039975041904091349
  duration=10.13s size=7.6MB
  purity=纯净 ocr={'marked': 0, 'huge': False, 'edge': 0}

[123] @art_muse Grok Imagine 2039883291311137235
  duration=10.13s size=5.9MB
  purity=纯净 ocr={'marked': 0, 'huge': False, 'edge': 0}

[124] @art_muse Grok Imagine 2034532370653605938
  duration=10.13s size=5.4MB
  purity=纯净 ocr={'marked': 0, 'huge': False, 'edge': 0}

[125] @ojiji2025 Kling 3.0 2097091084061180368
  duration=15.09s size=12.5MB
  purity=纯净 ocr={'marked': 0, 'huge': False, 'edge': 0}

[126] @ojiji2025 Kling 3.0 2096728572195115292
  duration=15.09s size=9.9MB
  purity=纯净 ocr={'marked': 0, 'huge': False, 'edge': 0}

[127] @ojiji2025 Kling 3.0 2096207391549444273
  duration=20.48s size=16.6MB
  purity=纯净 ocr={'marked': 0, 'huge': False, 'edge': 0}

[128] @ojiji2025 Grok Imagine 2095840673530576995
  duration=15.10s size=23.7MB
  purity=纯净 ocr={'marked': 0, 'huge': False, 'edge': 0}

[129] @ojiji2025 Grok Imagine 2093907564765299104
  duration=15.10s size=23.9MB
  purity=纯净 ocr={'marked': 0, 'huge': False, 'edge': 0}

[130] @dvorahfr Grok Imagine 2040035343215292706
  duration=10.13s size=1.3MB
  purity=纯净 ocr={'marked': 0, 'huge': False, 'edge': 0}

[131] @dvorahfr Grok Imagine 2040021107260916040
  duration=10.13s size=2.2MB
  purity=纯净 ocr={'marked': 0, 'huge': False, 'edge': 0}

[132] @dvorahfr Grok Imagine 2039649458053321178
  duration=10.12s size=12.3MB
  purity=纯净 ocr={'marked': 0, 'huge': False, 'edge': 0}

[133] @dvorahfr Grok Imagine 2038880265829843342
  duration=16.13s size=2.3MB
  purity=纯净 ocr={'marked': 0, 'huge': False, 'edge': 0}

[134] @dvorahfr Grok Imagine 2038464058781786202
  duration=20.10s size=3.7MB
  purity=纯净 ocr={'marked': 0, 'huge': False, 'edge': 0}

[135] @dvorahfr Grok Imagine 2037958649893601471
  duration=10.10s size=5.2MB
  purity=纯净 ocr={'marked': 0, 'huge': False, 'edge': 0}

[136] @dvorahfr Grok Imagine 2037828039120482544
  duration=20.13s size=22.4MB
  purity=纯净 ocr={'marked': 0, 'huge': False, 'edge': 0}

[137] @dvorahfr Grok Imagine 2037784250758447153
  duration=26.19s size=3.7MB
  purity=纯净 ocr={'marked': 0, 'huge': False, 'edge': 0}

[138] @dvorahfr Grok Imagine 2037321977233314268
  duration=30.10s size=3.5MB
  purity=纯净 ocr={'marked': 0, 'huge': False, 'edge': 0}

[139] @elonmusk Grok Imagine 2055912040481599793
  duration=10.09s size=5.4MB
  purity=纯净 ocr={'marked': 0, 'huge': False, 'edge': 0}

[140] @elonmusk Grok Imagine 2048600964102246438
  duration=26.19s size=6.2MB
  purity=纯净 ocr={'marked': 0, 'huge': False, 'edge': 0}

[141] @elonmusk Grok Imagine 2047922225353728189
  duration=10.09s size=6.4MB
  purity=边缘疑似水印 ocr={'marked': 0, 'huge': False, 'edge': 2}

[142] @elonmusk Grok Imagine 2047881966268117064
  duration=27.48s size=6.0MB
  purity=边缘疑似水印 ocr={'marked': 1, 'huge': False, 'edge': 0}

[143] @elonmusk Grok Imagine 2040202569520455722
  duration=15.05s size=1.6MB
  purity=纯净 ocr={'marked': 0, 'huge': False, 'edge': 0}

[144] @elonmusk Grok Imagine 2040202348325392463
  duration=14.98s size=2.1MB
  purity=纯净 ocr={'marked': 0, 'huge': False, 'edge': 0}

[145] @Diana_Osire Happy Horse 1.0 2054995921746993161
  duration=12.25s size=3.0MB
  purity=不纯净 ocr={'marked': 3, 'huge': True, 'edge': 1}

[146] @Just_sharon7 Seedance 2.5 2096109540924141746
  duration=30.14s size=4.4MB
  purity=纯净 ocr={'marked': 0, 'huge': False, 'edge': 0}

[147] @abxxai Seedance 2.0 2054172585622155531
  duration=15.12s size=1.8MB
  purity=纯净 ocr={'marked': 0, 'huge': False, 'edge': 0}

DONE new_ok=48 reject=6 fail=0 total_done_ids=147

[142] @dvorahfr Grok Imagine 2035738292205867197
  duration=10.13s size=1.3MB
  purity=纯净 ocr={'marked': 0, 'huge': False, 'edge': 0}

[143] @dvorahfr Grok Imagine 2033855565407850624
  duration=10.10s size=4.9MB
  purity=纯净 ocr={'marked': 0, 'huge': False, 'edge': 0}

[144] @dvorahfr Grok Imagine 2033659849196667331
  duration=20.10s size=2.0MB
  purity=纯净 ocr={'marked': 0, 'huge': False, 'edge': 0}

[145] @dvorahfr Grok Imagine 2033269573403697425
  duration=18.07s size=5.2MB
  purity=纯净 ocr={'marked': 0, 'huge': False, 'edge': 0}

[146] @dvorahfr Grok Imagine 2032844954377277679
  duration=29.05s size=13.9MB
  purity=纯净 ocr={'marked': 0, 'huge': False, 'edge': 0}

[147] @elonmusk Grok Imagine 2040048952792547345
  duration=15.05s size=3.3MB
  purity=边缘疑似水印 ocr={'marked': 1, 'huge': False, 'edge': 0}

[148] @elonmusk Grok Imagine 2034264755758858526
  duration=10.10s size=4.6MB
  purity=纯净 ocr={'marked': 0, 'huge': False, 'edge': 0}

[149] @elonmusk Grok Imagine 2033885236250161387
  duration=30.10s size=3.9MB
  purity=纯净 ocr={'marked': 0, 'huge': False, 'edge': 0}

[150] @elonmusk Grok Imagine 2037222810733662265
  duration=29.14s size=3.8MB
  purity=不纯净 ocr={'marked': 1, 'huge': True, 'edge': 0}

[151] @8co28 Seedance 2.0 2082018284011208820
  duration=31.70s size=32.0MB
  purity=纯净 ocr={'marked': 0, 'huge': False, 'edge': 0}

[152] @Yokohara_h Seedance 2.0 2056661899132186625
  duration=16.79s size=3.8MB
  purity=纯净 ocr={'marked': 0, 'huge': False, 'edge': 0}

[153] @Yokohara_h Seedance 2.0 2055338357765681228
  duration=10.09s size=2.7MB
  purity=纯净 ocr={'marked': 0, 'huge': False, 'edge': 0}

[154] @NACHOS2D_ Seedance 2.0 2069730875189698652
  duration=15.14s size=2.0MB
  purity=纯净 ocr={'marked': 0, 'huge': False, 'edge': 0}

[155] @NACHOS2D_ Seedance 2.0 2064020597282128307
  duration=15.14s size=1.2MB
  purity=纯净 ocr={'marked': 0, 'huge': False, 'edge': 0}

[156] @NACHOS2D_ Seedance 2.0 2034279814056825165
  duration=15.12s size=3.1MB
  purity=边缘疑似水印 ocr={'marked': 0, 'huge': False, 'edge': 3}

[157] @0xbisc Seedance 2.5 2094778992310337553
  duration=15.09s size=4.3MB
  purity=纯净 ocr={'marked': 0, 'huge': False, 'edge': 0}

[158] @0xbisc Seedance 2.0 2056333771780358215
  duration=15.09s size=2.4MB
  purity=纯净 ocr={'marked': 0, 'huge': False, 'edge': 0}

[159] @0xbisc Seedance 2.0 2055622749348085926
  duration=15.09s size=2.5MB
  purity=边缘疑似水印 ocr={'marked': 0, 'huge': False, 'edge': 4}

[160] @0xbisc Seedance 2.0 2054872820191277454
  duration=15.09s size=2.8MB
  purity=边缘疑似水印 ocr={'marked': 1, 'huge': False, 'edge': 0}

[161] @0xbisc Seedance 2.0 2051992429080064424
  duration=15.09s size=3.3MB
  purity=不纯净 ocr={'marked': 4, 'huge': False, 'edge': 0}

[162] @0xbisc Seedance 2.0 2050154597340287143
  duration=17.86s size=2.2MB
  purity=不纯净 ocr={'marked': 1, 'huge': True, 'edge': 0}

[163] @0xbisc Seedance 2.0 2036407484836094014
  duration=15.13s size=3.3MB
  purity=纯净 ocr={'marked': 0, 'huge': False, 'edge': 0}

[164] @a0mUYucgm3JTJp9 Seedance 2.5 2098528258283159853
  duration=30.11s size=31.7MB
  purity=不纯净 ocr={'marked': 3, 'huge': True, 'edge': 3}

[165] @gizakdag Seedance 2.0 2048480967942193347
  duration=15.09s size=2.2MB
  purity=纯净 ocr={'marked': 0, 'huge': False, 'edge': 0}

[166] @TomaAIbijo Wan 3.0 2094746683053834357
  duration=15.07s size=1.5MB
  purity=纯净 ocr={'marked': 0, 'huge': False, 'edge': 0}

[167] @fabianstelzer Google Veo 3.1 2041854059741679666
  duration=16.02s size=3.6MB
  purity=纯净 ocr={'marked': 0, 'huge': False, 'edge': 0}

[168] @HAL2400_AI Seedance 2.5 2096782116524888070
  duration=20.05s size=16.9MB
  purity=纯净 ocr={'marked': 0, 'huge': False, 'edge': 0}

[169] @EHuanglu Seedance 2.0 2052397863808938154
  duration=15.13s size=1.7MB
  purity=纯净 ocr={'marked': 0, 'huge': False, 'edge': 0}

[170] @EHuanglu Seedance 2.0 2048136865484824872
  duration=14.84s size=3.5MB
  purity=纯净 ocr={'marked': 0, 'huge': False, 'edge': 0}

[171] @aimikoda MiniMax H3 2096295356526956809
  duration=15.17s size=13.0MB
  purity=纯净 ocr={'marked': 0, 'huge': False, 'edge': 0}

[172] @aimikoda MiniMax H3 2093697204384887023
  duration=15.17s size=11.9MB
  purity=纯净 ocr={'marked': 0, 'huge': False, 'edge': 0}

[173] @aimikoda MiniMax H3 2086412223061135392
  duration=15.14s size=12.8MB
  purity=纯净 ocr={'marked': 0, 'huge': False, 'edge': 0}

[174] @techhalla Seedance 2.5 2083389002552664385
  duration=30.10s size=15.5MB
  purity=边缘疑似水印 ocr={'marked': 0, 'huge': False, 'edge': 3}

[175] @techhalla Seedance 2.0 2046730453139276011
  duration=15.12s size=6.7MB
  purity=不纯净 ocr={'marked': 1, 'huge': True, 'edge': 0}

[176] @techhalla Seedance 2.0 2038698494970433787
  duration=10.75s size=3.1MB
  purity=纯净 ocr={'marked': 0, 'huge': False, 'edge': 0}

[177] @0xInk_ Seedance 2.0 2048002328272437663
  duration=21.22s size=20.4MB
  purity=纯净 ocr={'marked': 0, 'huge': False, 'edge': 0}

[178] @0xInk_ Seedance 2.0 2065392393785086000
  duration=15.08s size=7.1MB
  purity=纯净 ocr={'marked': 0, 'huge': False, 'edge': 0}

[179] @0xInk_ Seedance 2.0 2059313346332234063
  duration=30.44s size=32.4MB
  purity=纯净 ocr={'marked': 0, 'huge': False, 'edge': 0}

[180] @0xInk_ Seedance 2.0 2051560583913484578
  duration=12.12s size=2.2MB
  purity=纯净 ocr={'marked': 0, 'huge': False, 'edge': 0}

[181] @0xInk_ Seedance 2.0 2047648944004755679
  curl fail: HTTP Error 404: Not Found
  duration=10.06s size=2.4MB
  purity=纯净 ocr={'marked': 0, 'huge': False, 'edge': 0}

[182] @0xInk_ Seedance 2.0 2044021348520079530
  duration=21.03s size=13.2MB
  purity=纯净 ocr={'marked': 0, 'huge': False, 'edge': 0}

[183] @XFreeze Grok Imagine 2084300392876372395
  duration=15.10s size=23.9MB
  purity=纯净 ocr={'marked': 0, 'huge': False, 'edge': 0}

[184] @XFreeze Grok Imagine 2059311819986964731
  duration=10.09s size=9.3MB
  purity=纯净 ocr={'marked': 0, 'huge': False, 'edge': 0}

[185] @XFreeze Grok Imagine 2040985802608652584
  duration=10.10s size=4.2MB
  purity=纯净 ocr={'marked': 0, 'huge': False, 'edge': 1}

[186] @XFreeze Grok Imagine 2039364965786636582
  duration=10.10s size=6.2MB
  purity=纯净 ocr={'marked': 0, 'huge': False, 'edge': 0}

[187] @XFreeze Grok Imagine 2039041682348429557
  duration=10.10s size=3.5MB
  purity=边缘疑似水印 ocr={'marked': 0, 'huge': False, 'edge': 4}

[188] @XFreeze Grok Imagine 2036699806148821495
  duration=10.13s size=8.9MB
  purity=纯净 ocr={'marked': 0, 'huge': False, 'edge': 0}

[189] @XFreeze Grok Imagine 2034629344946278418
  duration=10.10s size=5.5MB
  purity=纯净 ocr={'marked': 0, 'huge': False, 'edge': 0}

[190] @Yokohara_h MiniMax H3 2084265093811073167
  duration=33.92s size=7.1MB
  purity=不纯净 ocr={'marked': 1, 'huge': True, 'edge': 1}

[191] @jboogx_creative Seedance 2.0 2040177902118228149
  duration=15.12s size=3.6MB
  purity=纯净 ocr={'marked': 0, 'huge': False, 'edge': 0}

[192] @Ciri_ai Seedance 2.5 2086672264712556614
  duration=15.16s size=1.9MB
  purity=纯净 ocr={'marked': 0, 'huge': False, 'edge': 0}

[193] @tetsuoai Grok Imagine 2046117912252170567
  duration=17.65s size=1.2MB
  purity=不纯净 ocr={'marked': 3, 'huge': True, 'edge': 0}

DONE new_ok=45 reject=7 fail=0 total_done_ids=193

[187] @XFreeze Grok Imagine 2034441910899855809
  duration=10.10s size=1.2MB
  purity=纯净 ocr={'marked': 0, 'huge': False, 'edge': 0}

[188] @XFreeze Grok Imagine 2033067639057322304
  duration=10.13s size=8.1MB
  purity=纯净 ocr={'marked': 0, 'huge': False, 'edge': 0}

[189] @XFreeze Grok Imagine 2032681943746093097
  duration=19.92s size=13.5MB
  purity=纯净 ocr={'marked': 0, 'huge': False, 'edge': 0}

[190] @tetsuoai Grok Imagine 2038840522488607021
  duration=10.15s size=1.2MB
  purity=纯净 ocr={'marked': 0, 'huge': False, 'edge': 1}

[191] @tetsuoai Grok Imagine 2038818350663713208
  duration=30.05s size=4.9MB
  purity=纯净 ocr={'marked': 0, 'huge': False, 'edge': 0}

[192] @0xInk_ Seedance 2.0 2053881301661634727
  duration=26.11s size=12.3MB
  purity=纯净 ocr={'marked': 0, 'huge': False, 'edge': 0}

[193] @tetsuoai Grok Imagine 2038789707291873697
  duration=10.10s size=7.2MB
  purity=纯净 ocr={'marked': 0, 'huge': False, 'edge': 0}

[194] @imagine Grok Imagine 2035193116324765991
  duration=17.96s size=3.9MB
  purity=纯净 ocr={'marked': 0, 'huge': False, 'edge': 0}

[195] @fabianstelzer Seedance 2.0 2046701199605329948
  duration=15.12s size=3.0MB
  purity=纯净 ocr={'marked': 0, 'huge': False, 'edge': 0}

[196] @EHuanglu Seedance 2.0 2033013629956620545
  duration=14.86s size=4.5MB
  purity=边缘疑似水印 ocr={'marked': 0, 'huge': False, 'edge': 4}

DONE new_ok=10 reject=0 fail=0 total_done_ids=196

[197] @cb_doge Grok Imagine 2067379947124203557
  duration=10.09s size=12.9MB
  purity=纯净 ocr={'marked': 0, 'huge': False, 'edge': 0}

[198] @cb_doge Grok Imagine 2067151239335575593
  duration=10.13s size=16.2MB
  purity=纯净 ocr={'marked': 0, 'huge': False, 'edge': 0}

[199] @cb_doge Grok Imagine 2034550976854790478
  duration=10.13s size=3.3MB
  purity=纯净 ocr={'marked': 0, 'huge': False, 'edge': 0}

[200] @cb_doge Grok Imagine 2032641652578259026
  duration=10.08s size=0.8MB
  purity=纯净 ocr={'marked': 0, 'huge': False, 'edge': 0}

[201] @NICKIMINAJ Grok Imagine 2034744047248543993
  duration=10.13s size=0.7MB
  purity=纯净 ocr={'marked': 0, 'huge': False, 'edge': 0}

DONE new_ok=5 reject=0 fail=0 total_done_ids=201
